 
⏩ Skipping user: kpo_ph (execute= NO)
^^^^^^^^^^^^^^^^^^^^^^^^^^^^^^^^^^^^^^^^^^^^^^^^^^^^^^^^^^^^^^^^^^^^^^^
🔍 Running Tests for User: kpo_SLV | Country: Thailand
^^^^^^^^^^^^^^^^^^^^^^^^^^^^^^^^^^^^^^^^^^^^^^^^^^^^^^^^^^^^^^^^^^^^^^^
⏩ Skipping screen: DSR Profile Bulk Upload (execute=N)
⏩ Skipping screen: Product Enrichment Approval (execute=N)
⏩ Skipping screen: Price Structure Excel (execute=N)
==============================================================
🚀 Processing Screen: bulk order upload
==============================================================
Mode: LMT
⬇ Downloading Excel for: bulk order upload 
✅ Success: File downloaded successfully
📂 Found file: LmtOrderCreationExcel.xlsx
⬆ Uploading: D:\Automation\ExcelGenerator\ResourcesTH\LmtOrderCreationExcel.xlsx
✅ Success: File upload successful
❌ Validation Failed: PO Number already existsnull
📸 Screenshot captured: ErrorScreenshot_2025-12-16_13-49-17-135.png
⏩ Skipping screen: Locus Download (execute=N)
⏩ Skipping screen: outlet creation upload (execute=N)
⏩ Skipping screen: outlet change track excel (execute=N)
⏩ Skipping screen: Section Bulk Upload (execute=N)
⏩ Skipping screen: Distributor excel upload (execute=N)
⏩ Skipping screen: Validation Excel Upload (execute=N)
⏩ Skipping screen: upload base pack excel (execute=N)
⏩ Skipping screen: Outlet Segment Mapping (execute=N)
⏩ Skipping screen: Temporary Price Reduction (execute=N)
 
⏩ Skipping user: kpo_mp (execute= NO)
 
⏩ Skipping user: kpo_bangla (execute= NO)
=== ✅ Test Run Completed Successfully! ===
